// Jest Snapshot v1, https://goo.gl/fbAQLP

exports[`<FaresoneMenu /> Should render properly 1`] = `
<div
  className="no-print"
>
  <div
    className="ui inverted menu"
  >
    <a
      className="item"
      href="#/"
      onClick={[Function]}
    >
      Hjem
    </a>
    <a
      className="item"
      href="#/dangerzone"
      onClick={[Function]}
    >
      Faresonen
    </a>
    <a
      className="item"
      href="#/gigsports"
      onClick={[Function]}
    >
      GIG Sports
    </a>
    <a
      className="item"
      href="#/fantasy"
      onClick={[Function]}
    >
      Fantasy PL
    </a>
    <a
      className="item"
      href="#/fantasy/stats"
      onClick={[Function]}
    >
      Statistikk
    </a>
    <a
      className="item"
      href="#/premierleague"
      onClick={[Function]}
    >
      Premier League-verktøy
    </a>
    <a
      className="right item"
      href="#/admin"
      onClick={[Function]}
    >
      Admin
    </a>
    <a
      className="right item"
      href="#/about"
      onClick={[Function]}
    >
      Om
    </a>
  </div>
</div>
`;
